Simulator report for ASSIGNMENT1_NP
Thu Dec 05 19:21:07 2013
Quartus II 64-Bit Version 9.0 Build 235 06/17/2009 Service Pack 2 SJ Full Version


---------------------
; Table of Contents ;
---------------------
  1. Legal Notice
  2. Simulator Summary
  3. Simulator Settings
  4. Simulation Waveforms
  5. Coverage Summary
  6. Complete 1/0-Value Coverage
  7. Missing 1-Value Coverage
  8. Missing 0-Value Coverage
  9. Simulator INI Usage
 10. Simulator Messages



----------------
; Legal Notice ;
----------------
Copyright (C) 1991-2009 Altera Corporation
Your use of Altera Corporation's design tools, logic functions 
and other software and tools, and its AMPP partner logic 
functions, and any output files from any of the foregoing 
(including device programming or simulation files), and any 
associated documentation or information are expressly subject 
to the terms and conditions of the Altera Program License 
Subscription Agreement, Altera MegaCore Function License 
Agreement, or other applicable license agreement, including, 
without limitation, that your use is for the sole purpose of 
programming logic devices manufactured by Altera and sold by 
Altera or its authorized distributors.  Please refer to the 
applicable agreement for further details.



+-----------------------------------------------+
; Simulator Summary                             ;
+-----------------------------+-----------------+
; Type                        ; Value           ;
+-----------------------------+-----------------+
; Simulation Start Time       ; 0 ps            ;
; Simulation End Time         ; 20.0 us         ;
; Simulation Netlist Size     ; 29 nodes        ;
; Simulation Coverage         ;      93.10 %    ;
; Total Number of Transitions ; 352             ;
; Simulation Breakpoints      ; 0               ;
; Family                      ; FLEX10K         ;
; Device                      ; EPF10K70RC240-4 ;
+-----------------------------+-----------------+


+-------------------------------------------------------------------------------------------------------------------------+
; Simulator Settings                                                                                                      ;
+--------------------------------------------------------------------------------------------+------------+---------------+
; Option                                                                                     ; Setting    ; Default Value ;
+--------------------------------------------------------------------------------------------+------------+---------------+
; Simulation mode                                                                            ; Timing     ; Timing        ;
; Start time                                                                                 ; 0 ns       ; 0 ns          ;
; Simulation results format                                                                  ; CVWF       ;               ;
; Add pins automatically to simulation output waveforms                                      ; On         ; On            ;
; Check outputs                                                                              ; Off        ; Off           ;
; Report simulation coverage                                                                 ; On         ; On            ;
; Display complete 1/0 value coverage report                                                 ; On         ; On            ;
; Display missing 1-value coverage report                                                    ; On         ; On            ;
; Display missing 0-value coverage report                                                    ; On         ; On            ;
; Detect setup and hold time violations                                                      ; Off        ; Off           ;
; Detect glitches                                                                            ; Off        ; Off           ;
; Disable timing delays in Timing Simulation                                                 ; Off        ; Off           ;
; Generate Signal Activity File                                                              ; Off        ; Off           ;
; Generate VCD File for PowerPlay Power Analyzer                                             ; Off        ; Off           ;
; Group bus channels in simulation results                                                   ; Off        ; Off           ;
; Preserve fewer signal transitions to reduce memory requirements                            ; On         ; On            ;
; Trigger vector comparison with the specified mode                                          ; INPUT_EDGE ; INPUT_EDGE    ;
; Disable setup and hold time violations detection in input registers of bi-directional pins ; Off        ; Off           ;
; Overwrite Waveform Inputs With Simulation Outputs                                          ; On         ;               ;
; Perform Glitch Filtering in Timing Simulation                                              ; Auto       ; Auto          ;
+--------------------------------------------------------------------------------------------+------------+---------------+


+----------------------+
; Simulation Waveforms ;
+----------------------+
Waveform report data cannot be output to ASCII.
Please use Quartus II 64-Bit to view the waveform report data.


+--------------------------------------------------------------------+
; Coverage Summary                                                   ;
+-----------------------------------------------------+--------------+
; Type                                                ; Value        ;
+-----------------------------------------------------+--------------+
; Total coverage as a percentage                      ;      93.10 % ;
; Total nodes checked                                 ; 29           ;
; Total output ports checked                          ; 29           ;
; Total output ports with complete 1/0-value coverage ; 27           ;
; Total output ports with no 1/0-value coverage       ; 2            ;
; Total output ports with no 1-value coverage         ; 2            ;
; Total output ports with no 0-value coverage         ; 2            ;
+-----------------------------------------------------+--------------+


The following table displays output ports that toggle between 1 and 0 during simulation.
+--------------------------------------------------------------------------------+
; Complete 1/0-Value Coverage                                                    ;
+------------------------------+------------------------------+------------------+
; Node Name                    ; Output Port Name             ; Output Port Type ;
+------------------------------+------------------------------+------------------+
; |ASSIGNMENT1_NP|LEDA_Z~14    ; |ASSIGNMENT1_NP|LEDA_Z~14    ; data_out0        ;
; |ASSIGNMENT1_NP|process_0~1  ; |ASSIGNMENT1_NP|process_0~1  ; data_out0        ;
; |ASSIGNMENT1_NP|LEDA_Z~15    ; |ASSIGNMENT1_NP|LEDA_Z~15    ; data_out0        ;
; |ASSIGNMENT1_NP|LEDD_Z~15    ; |ASSIGNMENT1_NP|LEDD_Z~15    ; data_out0        ;
; |ASSIGNMENT1_NP|LEDD_Z~16    ; |ASSIGNMENT1_NP|LEDD_Z~16    ; data_out0        ;
; |ASSIGNMENT1_NP|LEDE_Z~10    ; |ASSIGNMENT1_NP|LEDE_Z~10    ; data_out0        ;
; |ASSIGNMENT1_NP|LEDE_Z~11    ; |ASSIGNMENT1_NP|LEDE_Z~11    ; data_out0        ;
; |ASSIGNMENT1_NP|LEDF_Z~13    ; |ASSIGNMENT1_NP|LEDF_Z~13    ; data_out0        ;
; |ASSIGNMENT1_NP|LEDF_Z~14    ; |ASSIGNMENT1_NP|LEDF_Z~14    ; data_out0        ;
; |ASSIGNMENT1_NP|LEDF_Z~15    ; |ASSIGNMENT1_NP|LEDF_Z~15    ; data_out0        ;
; |ASSIGNMENT1_NP|LEDG_Z~13    ; |ASSIGNMENT1_NP|LEDG_Z~13    ; data_out0        ;
; |ASSIGNMENT1_NP|process_0~27 ; |ASSIGNMENT1_NP|process_0~27 ; data_out0        ;
; |ASSIGNMENT1_NP|LEDC_Z~17    ; |ASSIGNMENT1_NP|LEDC_Z~22    ; cascout          ;
; |ASSIGNMENT1_NP|LEDC_Z~19    ; |ASSIGNMENT1_NP|LEDC_Z~19    ; data_out0        ;
; |ASSIGNMENT1_NP|LEDB_Z~16    ; |ASSIGNMENT1_NP|LEDB_Z~16    ; data_out0        ;
; |ASSIGNMENT1_NP|LEDB_Z~17    ; |ASSIGNMENT1_NP|LEDB_Z~17    ; data_out0        ;
; |ASSIGNMENT1_NP|D_Y          ; |ASSIGNMENT1_NP|D_Y~corein   ; dataout          ;
; |ASSIGNMENT1_NP|G_Y          ; |ASSIGNMENT1_NP|G_Y~corein   ; dataout          ;
; |ASSIGNMENT1_NP|E_Y          ; |ASSIGNMENT1_NP|E_Y~corein   ; dataout          ;
; |ASSIGNMENT1_NP|F_Y          ; |ASSIGNMENT1_NP|F_Y~corein   ; dataout          ;
; |ASSIGNMENT1_NP|LEDA_Z       ; |ASSIGNMENT1_NP|LEDA_Z       ; padio            ;
; |ASSIGNMENT1_NP|LEDB_Z       ; |ASSIGNMENT1_NP|LEDB_Z       ; padio            ;
; |ASSIGNMENT1_NP|LEDC_Z       ; |ASSIGNMENT1_NP|LEDC_Z       ; padio            ;
; |ASSIGNMENT1_NP|LEDD_Z       ; |ASSIGNMENT1_NP|LEDD_Z       ; padio            ;
; |ASSIGNMENT1_NP|LEDE_Z       ; |ASSIGNMENT1_NP|LEDE_Z       ; padio            ;
; |ASSIGNMENT1_NP|LEDF_Z       ; |ASSIGNMENT1_NP|LEDF_Z       ; padio            ;
; |ASSIGNMENT1_NP|LEDG_Z       ; |ASSIGNMENT1_NP|LEDG_Z       ; padio            ;
+------------------------------+------------------------------+------------------+


The following table displays output ports that do not toggle to 1 during simulation.
+--------------------------------------------------------------------------------+
; Missing 1-Value Coverage                                                       ;
+------------------------------+------------------------------+------------------+
; Node Name                    ; Output Port Name             ; Output Port Type ;
+------------------------------+------------------------------+------------------+
; |ASSIGNMENT1_NP|RST_Y        ; |ASSIGNMENT1_NP|RST_Y~corein ; dataout          ;
; |ASSIGNMENT1_NP|LEDDECIMAL_Z ; |ASSIGNMENT1_NP|LEDDECIMAL_Z ; padio            ;
+------------------------------+------------------------------+------------------+


The following table displays output ports that do not toggle to 0 during simulation.
+--------------------------------------------------------------------------------+
; Missing 0-Value Coverage                                                       ;
+------------------------------+------------------------------+------------------+
; Node Name                    ; Output Port Name             ; Output Port Type ;
+------------------------------+------------------------------+------------------+
; |ASSIGNMENT1_NP|RST_Y        ; |ASSIGNMENT1_NP|RST_Y~corein ; dataout          ;
; |ASSIGNMENT1_NP|LEDDECIMAL_Z ; |ASSIGNMENT1_NP|LEDDECIMAL_Z ; padio            ;
+------------------------------+------------------------------+------------------+


+---------------------+
; Simulator INI Usage ;
+--------+------------+
; Option ; Usage      ;
+--------+------------+


+--------------------+
; Simulator Messages ;
+--------------------+
Info: *******************************************************************
Info: Running Quartus II 64-Bit Simulator
    Info: Version 9.0 Build 235 06/17/2009 Service Pack 2 SJ Full Version
    Info: Processing started: Thu Dec 05 19:21:06 2013
Info: Command: quartus_sim --read_settings_files=on --write_settings_files=off ASSIGNMENT1_NP -c ASSIGNMENT1_NP
Info: Using vector source file "G:/ENGN4070/ASSIGNMENT1_NP/ASSIGNMENT1_NP.vwf"
Info: Overwriting simulation input file with simulation results
    Info: A backup of ASSIGNMENT1_NP.vwf called ASSIGNMENT1_NP.sim_ori.vwf has been created in the db folder
Info: Option to preserve fewer signal transitions to reduce memory requirements is enabled
    Info: Simulation has been partitioned into sub-simulations according to the maximum transition count determined by the engine. Transitions from memory will be flushed out to disk at the end of each sub-simulation to reduce memory requirements.
Info: Simulation partitioned into 1 sub-simulations
Info: Simulation coverage is      93.10 %
Info: Number of transitions in simulation is 352
Info: Vector file ASSIGNMENT1_NP.vwf is saved in VWF text format. You can compress it into CVWF format in order to reduce file size. For more details please refer to the Quartus II Help.
Info: Quartus II 64-Bit Simulator was successful. 0 errors, 0 warnings
    Info: Peak virtual memory: 204 megabytes
    Info: Processing ended: Thu Dec 05 19:21:08 2013
    Info: Elapsed time: 00:00:02
    Info: Total CPU time (on all processors): 00:00:00


